cc -Wall -Wextra -Werror -std=c99 -g -O3 -ftree-vectorize -fPIC -Isrc -D_GNU_SOURCE  -MMD -MP -Isrc/nanoisa -c src/nanoisa/nvm2c.c -o obj/nanoisa/nvm2c.o
Stage 1: Building C reference compiler...
✓ C Compiler: bin/nanoc_c
✓ Compiler: bin/nanoc -> bin/nanoc_c (C reference)
✓ Stage 1 complete (C reference binaries)

==========================================
Stage 2: Building Self-Hosted Components
==========================================
Compiling components with stage1...

  Building parser...
    ✓ parser compiled successfully

  Building typecheck...
    ✓ typecheck compiled successfully

  Building transpiler...
    ✓ transpiler compiled successfully

✓ Stage 2: 3/3 components built successfully

==========================================
Stage 3: Bootstrap Validation
==========================================
Validating self-hosted components...

  Testing parser...
    ✓ parser tests passed
  Testing typecheck...
    ✓ typecheck tests passed
  Testing transpiler...
    ✓ transpiler tests passed

✓ Stage 3: 3/3 components validated

==========================================
✅ Build Complete (3-Stage Bootstrap)
==========================================
make[1]: Entering directory '/tmp/ilo/bench/comparators/src/nanolang'
Build Status:

  ✅ Stage 1: C reference compiler (bin/nanoc)
  ✅ Stage 2: Self-hosted components compiled
    • parser
    • typecheck
    • transpiler
  ✅ Stage 3: Bootstrap validated

make[1]: Leaving directory '/tmp/ilo/bench/comparators/src/nanolang'

EXIT:0
